
Running 2 tests using 1 worker

(node:1089059) Warning: The 'NO_COLOR' env is ignored due to the 'FORCE_COLOR' env being set.
(Use `node --trace-warnings ...` to show where the warning was created)
  ✘  1 tests/phase2_manual_backend.spec.ts:167:1 › real_target_package_clipboard_submit (1.7s)
(node:1089212) Warning: The 'NO_COLOR' env is ignored due to the 'FORCE_COLOR' env being set.
(Use `node --trace-warnings ...` to show where the warning was created)
  ✘  2 tests/phase2_manual_backend.spec.ts:185:1 › real_revoke_clear_refuse_regenerate_submit (1.4s)


  1) tests/phase2_manual_backend.spec.ts:167:1 › real_target_package_clipboard_submit ──────────────

    Error: expect(received).toEqual(expected) // deep equality

    - Expected  - 1
    + Received  + 3

    - Array []
    + Array [
    +   "Cannot read properties of undefined (reading 'route_fingerprint')",
    + ]

      46 |       expect(settled.filter(result => result.status === 'rejected'), 'passive response capture must complete').toEqual([])
      47 |       await info.attach('real-http', { body: JSON.stringify(records, null, 2), contentType: 'application/json' })
    > 48 |       expect(errors).toEqual([])
         |                      ^
      49 |     },
      50 |   }
      51 | }
        at Object.attach (/tmp/pcas-phase2-manual-browser-correction/web/tests/phase2_manual_backend.spec.ts:48:22)
        at /tmp/pcas-phase2-manual-browser-correction/web/tests/phase2_manual_backend.spec.ts:182:15

    Error Context: test-results/phase2-manual-backend-selector/phase2_manual_backend-real-target-package-clipboard-submit/error-context.md

    attachment #3: trace (application/zip) ─────────────────────────────────────────────────────────
    test-results/phase2-manual-backend-selector/phase2_manual_backend-real-target-package-clipboard-submit/trace.zip
    Usage:

        npx playwright show-trace test-results/phase2-manual-backend-selector/phase2_manual_backend-real-target-package-clipboard-submit/trace.zip

    ────────────────────────────────────────────────────────────────────────────────────────────────

  2) tests/phase2_manual_backend.spec.ts:185:1 › real_revoke_clear_refuse_regenerate_submit ────────

    Error: expect(received).toEqual(expected) // deep equality

    - Expected  - 1
    + Received  + 3

    - Array []
    + Array [
    +   "Cannot read properties of undefined (reading 'route_fingerprint')",
    + ]

      46 |       expect(settled.filter(result => result.status === 'rejected'), 'passive response capture must complete').toEqual([])
      47 |       await info.attach('real-http', { body: JSON.stringify(records, null, 2), contentType: 'application/json' })
    > 48 |       expect(errors).toEqual([])
         |                      ^
      49 |     },
      50 |   }
      51 | }
        at Object.attach (/tmp/pcas-phase2-manual-browser-correction/web/tests/phase2_manual_backend.spec.ts:48:22)
        at /tmp/pcas-phase2-manual-browser-correction/web/tests/phase2_manual_backend.spec.ts:244:15

    Error Context: test-results/phase2-manual-backend-selector/phase2_manual_backend-real-6f7c4-ar-refuse-regenerate-submit/error-context.md

    attachment #3: trace (application/zip) ─────────────────────────────────────────────────────────
    test-results/phase2-manual-backend-selector/phase2_manual_backend-real-6f7c4-ar-refuse-regenerate-submit/trace.zip
    Usage:

        npx playwright show-trace test-results/phase2-manual-backend-selector/phase2_manual_backend-real-6f7c4-ar-refuse-regenerate-submit/trace.zip

    ────────────────────────────────────────────────────────────────────────────────────────────────

  2 failed
    tests/phase2_manual_backend.spec.ts:167:1 › real_target_package_clipboard_submit ───────────────
    tests/phase2_manual_backend.spec.ts:185:1 › real_revoke_clear_refuse_regenerate_submit ─────────
