{"time":"2026-10-01T14:58:27.423054337Z","level":"INFO","msg":"memory API started","address":"127.0.0.1:18097"}
{"time":"2026-10-01T14:58:31.228433067Z","level":"WARN","msg":"workspace timezone validation failed","stage":"workspace_settings","error_type":"invalid_timezone"}
{"time":"2026-10-01T14:58:31.268681587Z","level":"WARN","msg":"workspace timezone validation failed","stage":"workspace_settings","error_type":"invalid_timezone"}
{"time":"2026-10-01T14:58:31.309087685Z","level":"WARN","msg":"workspace timezone validation failed","stage":"workspace_settings","error_type":"invalid_timezone"}
{"time":"2026-10-01T14:58:31.353341513Z","level":"WARN","msg":"workspace timezone validation failed","stage":"workspace_settings","error_type":"invalid_timezone"}
{"time":"2026-10-01T14:58:31.385335419Z","level":"WARN","msg":"workspace timezone validation failed","stage":"workspace_settings","error_type":"invalid_timezone"}
{"time":"2026-10-01T14:58:31.407085394Z","level":"WARN","msg":"workspace timezone validation failed","stage":"workspace_settings","error_type":"invalid_timezone"}
2026/10/01 14:58:32 INFO secretary output parsed stage=parse error_type=none
2026/10/01 14:58:32 INFO secretary output parsed stage=parse error_type=none
2026/10/01 14:58:33 INFO secretary output parsed stage=parse error_type=none
2026/10/01 14:58:36 INFO secretary output parsed stage=parse error_type=none
2026/10/01 14:58:40 INFO secretary output parsed stage=parse error_type=none
2026/10/01 14:58:40 INFO secretary output parsed stage=parse error_type=none
2026/10/01 14:58:40 INFO secretary output parsed stage=parse error_type=none
2026/10/01 14:58:41 INFO secretary output parsed stage=parse error_type=none
2026/10/01 14:58:42 INFO secretary output parsed stage=parse error_type=none
2026/10/01 14:58:46 INFO secretary output parsed stage=parse error_type=none
2026/10/01 14:59:11 INFO secretary output parsed stage=parse error_type=none
2026/10/01 15:00:43 INFO secretary output parsed stage=parse error_type=none
2026/10/01 15:02:21 WARN secretary capture fallback stage=model error_type=timeout
2026/10/01 15:02:24 INFO secretary output parsed stage=parse error_type=none
2026/10/01 15:02:24 INFO secretary output parsed stage=parse error_type=none
2026/10/01 15:02:32 INFO secretary output parsed stage=parse error_type=none
2026/10/01 15:02:35 INFO secretary output parsed stage=parse error_type=none
2026/10/01 15:02:35 INFO secretary output parsed stage=parse error_type=none
2026/10/01 15:02:41 INFO secretary output parsed stage=parse error_type=none
{"time":"2026-10-01T15:02:41.863341078Z","level":"ERROR","msg":"memory request failed"}
{"time":"2026-10-01T15:02:49.65991661Z","level":"ERROR","msg":"memory request failed"}
{"time":"2026-10-01T15:02:59.248594353Z","level":"ERROR","msg":"memory request failed"}
