
Running 26 tests using 1 worker

  ✓   1 tests/phase2_manual.spec.ts:89:1 › filters recipients and sends only provider with a new natural request (790ms)
  ✓   2 tests/phase2_manual.spec.ts:109:1 › every preview and copy obtains a fresh no-store GET; external receipt stays unknown (706ms)
  ✓   3 tests/phase2_manual.spec.ts:137:3 › existing preview clears after revision changes (3.6s)
  ✓   4 tests/phase2_manual.spec.ts:143:57 › late preview package is rejected after revision changes (3.6s)
  ✓   5 tests/phase2_manual.spec.ts:143:57 › late copy package is rejected after revision changes (3.6s)
  ✓   6 tests/phase2_manual.spec.ts:137:3 › existing preview clears after stale changes (3.6s)
  ✓   7 tests/phase2_manual.spec.ts:143:57 › late preview package is rejected after stale changes (3.6s)
  ✓   8 tests/phase2_manual.spec.ts:143:57 › late copy package is rejected after stale changes (3.6s)
  ✓   9 tests/phase2_manual.spec.ts:137:3 › existing preview clears after route changes (3.7s)
  ✓  10 tests/phase2_manual.spec.ts:143:57 › late preview package is rejected after route changes (3.6s)
  ✓  11 tests/phase2_manual.spec.ts:143:57 › late copy package is rejected after route changes (3.6s)
  ✓  12 tests/phase2_manual.spec.ts:137:3 › existing preview clears after status changes (3.6s)
  ✓  13 tests/phase2_manual.spec.ts:143:57 › late preview package is rejected after status changes (3.6s)
  ✓  14 tests/phase2_manual.spec.ts:143:57 › late copy package is rejected after status changes (3.6s)
  ✓  15 tests/phase2_manual.spec.ts:137:3 › existing preview clears after authorization changes (3.6s)
  ✓  16 tests/phase2_manual.spec.ts:143:57 › late preview package is rejected after authorization changes (3.7s)
  ✓  17 tests/phase2_manual.spec.ts:143:57 › late copy package is rejected after authorization changes (3.6s)
  ✓  18 tests/phase2_manual.spec.ts:158:115 › rejects wrong run package (329ms)
  ✓  19 tests/phase2_manual.spec.ts:158:115 › rejects undelivered package (326ms)
  ✓  20 tests/phase2_manual.spec.ts:158:115 › rejects wrong manifest provider package (330ms)
  ✓  21 tests/phase2_manual.spec.ts:158:115 › rejects wrong manifest route package (328ms)
  ✓  22 tests/phase2_manual.spec.ts:172:1 › package failure clears old preview and regenerates with the complete original recipient (442ms)
  ✓  23 tests/phase2_manual.spec.ts:183:1 › paste rejection clears preview and offers regeneration without claiming save (408ms)
  ✓  24 tests/phase2_manual.spec.ts:195:1 › failed manual run retries with complete original recipient and unchanged prompt (302ms)
  ✓  25 tests/phase2_manual.spec.ts:204:1 › changing recipient creates a new run and preserves the old run and owner input (651ms)
  ✓  26 tests/phase2_manual.spec.ts:214:1 › desktop and 390px browser views preserve content without horizontal overflow (804ms)

  26 passed (1.0m)
