
Running 1 test using 1 worker

  ✘  1 tests/phase2_manual.spec.ts:214:1 › desktop and 390px browser views preserve content without horizontal overflow (1.4s)


  1) tests/phase2_manual.spec.ts:214:1 › desktop and 390px browser views preserve content without horizontal overflow 

    Error: expect(received).toBe(expected) // Object.is equality

    Expected: true
    Received: false

      240 |       .every(([x, y]) => { const hit = document.elementFromPoint(x, y); return hit !== null && (hit === button || button.contains(hit)) })
      241 |   })
    > 242 |   expect(uncovered).toBe(true)
          |                     ^
      243 |   await page.screenshot({ path: info.outputPath('phase2-manual-selection-390px-operable.png') })
      244 |   await submit.click()
      245 |   await expect.poll(() => backend.commands.length).toBe(1)
        at /tmp/pcas-phase2-ui-acceptance/web/tests/phase2_manual.spec.ts:242:21

    Error Context: ../../pcas-phase2-ui-evidence/button-risk/phase2_manual-desktop-and--c0d3d-without-horizontal-overflow/error-context.md

    attachment #2: trace (application/zip) ─────────────────────────────────────────────────────────
    ../../pcas-phase2-ui-evidence/button-risk/phase2_manual-desktop-and--c0d3d-without-horizontal-overflow/trace.zip
    Usage:

        npx playwright show-trace ../../pcas-phase2-ui-evidence/button-risk/phase2_manual-desktop-and--c0d3d-without-horizontal-overflow/trace.zip

    ────────────────────────────────────────────────────────────────────────────────────────────────

  1 failed
    tests/phase2_manual.spec.ts:214:1 › desktop and 390px browser views preserve content without horizontal overflow 
